0 verbose cli /usr/local/bin/node /usr/local/lib/node_modules/npm/bin/npm-cli.js
1 info using npm@11.6.2
2 info using node@v24.12.0
3 silly config load:file:/usr/local/lib/node_modules/npm/npmrc
4 silly config load:file:/Users/juanvictoria/Projects/Ufinet-Autos-Challenge/frontend/.npmrc
5 silly config load:file:/Users/juanvictoria/.npmrc
6 silly config load:file:/usr/local/etc/npmrc
7 verbose title npm exec @angular/cli@latest generate component components/auto-form
8 verbose argv "exec" "--yes" "--" "@angular/cli@latest" "generate" "component" "components/auto-form"
9 verbose logfile logs-max:10 dir:/Users/juanvictoria/Projects/Ufinet-Autos-Challenge/frontend/.npm-cache/_logs/2026-03-19T01_03_05_225Z-
10 verbose logfile /Users/juanvictoria/Projects/Ufinet-Autos-Challenge/frontend/.npm-cache/_logs/2026-03-19T01_03_05_225Z-debug-0.log
11 silly logfile done cleaning log files
12 silly packumentCache heap:4496293888 maxSize:1124073472 maxEntrySize:562036736
13 http fetch GET 200 https://registry.npmjs.org/@angular%2fcli 145ms (cache revalidated)
14 verbose cwd /Users/juanvictoria/Projects/Ufinet-Autos-Challenge/frontend
15 verbose os Darwin 25.3.0
16 verbose node v24.12.0
17 verbose npm  v11.6.2
18 verbose exit 0
19 info ok
